// Jest Snapshot v1, https://goo.gl/fbAQLP

exports[`should render correctly 1`] = `
ShallowWrapper {
  "length": 1,
  Symbol(enzyme.__root__): [Circular],
  Symbol(enzyme.__unrendered__): <Unknown
    activeIndex={2}
/>,
  Symbol(enzyme.__renderer__): Object {
    "batchedUpdates": [Function],
    "getNode": [Function],
    "render": [Function],
    "simulateEvent": [Function],
    "unmount": [Function],
  },
  Symbol(enzyme.__node__): Object {
    "instance": null,
    "key": undefined,
    "nodeType": "class",
    "props": Object {
      "activeIndex": 2,
      "children": Array [
        <Unknown>
          <Unknown>
                    Add from database
          </Unknown>
          <Unknown>
                    Add Manually
          </Unknown>
          <Unknown>
                    Edit
          </Unknown>
</Unknown>,
        <Unknown>
          <Unknown>
                    <Connect(FoodListFilters) />
                    <Connect(CurrentLogAddFoodListContainer) />
          </Unknown>
          <Unknown>
                    <Connect(AddFoodFormToCurrentLog) />
          </Unknown>
          <Unknown>
                    <Connect(EditFoodFormForCurrentLog) />
          </Unknown>
</Unknown>,
      ],
    },
    "ref": null,
    "rendered": Array [
      Object {
        "instance": null,
        "key": undefined,
        "nodeType": "function",
        "props": Object {
          "children": Array [
            <Unknown>
              Add from database
</Unknown>,
            <Unknown>
              Add Manually
</Unknown>,
            <Unknown>
              Edit
</Unknown>,
          ],
        },
        "ref": null,
        "rendered": Array [
          Object {
            "instance": null,
            "key": undefined,
            "nodeType": "function",
            "props": Object {
              "children": "Add from database",
            },
            "ref": null,
            "rendered": "Add from database",
            "type": [Function],
          },
          Object {
            "instance": null,
            "key": undefined,
            "nodeType": "function",
            "props": Object {
              "children": "Add Manually",
            },
            "ref": null,
            "rendered": "Add Manually",
            "type": [Function],
          },
          Object {
            "instance": null,
            "key": undefined,
            "nodeType": "function",
            "props": Object {
              "children": "Edit",
            },
            "ref": null,
            "rendered": "Edit",
            "type": [Function],
          },
        ],
        "type": [Function],
      },
      Object {
        "instance": null,
        "key": undefined,
        "nodeType": "function",
        "props": Object {
          "children": Array [
            <Unknown>
              <Connect(FoodListFilters) />
              <Connect(CurrentLogAddFoodListContainer) />
</Unknown>,
            <Unknown>
              <Connect(AddFoodFormToCurrentLog) />
</Unknown>,
            <Unknown>
              <Connect(EditFoodFormForCurrentLog) />
</Unknown>,
          ],
        },
        "ref": null,
        "rendered": Array [
          Object {
            "instance": null,
            "key": undefined,
            "nodeType": "function",
            "props": Object {
              "children": Array [
                <Connect(FoodListFilters) />,
                <Connect(CurrentLogAddFoodListContainer) />,
              ],
            },
            "ref": null,
            "rendered": Array [
              Object {
                "instance": null,
                "key": undefined,
                "nodeType": "class",
                "props": Object {},
                "ref": null,
                "rendered": null,
                "type": [Function],
              },
              Object {
                "instance": null,
                "key": undefined,
                "nodeType": "class",
                "props": Object {},
                "ref": null,
                "rendered": null,
                "type": [Function],
              },
            ],
            "type": [Function],
          },
          Object {
            "instance": null,
            "key": undefined,
            "nodeType": "function",
            "props": Object {
              "children": <Connect(AddFoodFormToCurrentLog) />,
            },
            "ref": null,
            "rendered": Object {
              "instance": null,
              "key": undefined,
              "nodeType": "class",
              "props": Object {},
              "ref": null,
              "rendered": null,
              "type": [Function],
            },
            "type": [Function],
          },
          Object {
            "instance": null,
            "key": undefined,
            "nodeType": "function",
            "props": Object {
              "children": <Connect(EditFoodFormForCurrentLog) />,
            },
            "ref": null,
            "rendered": Object {
              "instance": null,
              "key": undefined,
              "nodeType": "class",
              "props": Object {},
              "ref": null,
              "rendered": null,
              "type": [Function],
            },
            "type": [Function],
          },
        ],
        "type": [Function],
      },
    ],
    "type": [Function],
  },
  Symbol(enzyme.__nodes__): Array [
    Object {
      "instance": null,
      "key": undefined,
      "nodeType": "class",
      "props": Object {
        "activeIndex": 2,
        "children": Array [
          <Unknown>
            <Unknown>
                        Add from database
            </Unknown>
            <Unknown>
                        Add Manually
            </Unknown>
            <Unknown>
                        Edit
            </Unknown>
</Unknown>,
          <Unknown>
            <Unknown>
                        <Connect(FoodListFilters) />
                        <Connect(CurrentLogAddFoodListContainer) />
            </Unknown>
            <Unknown>
                        <Connect(AddFoodFormToCurrentLog) />
            </Unknown>
            <Unknown>
                        <Connect(EditFoodFormForCurrentLog) />
            </Unknown>
</Unknown>,
        ],
      },
      "ref": null,
      "rendered": Array [
        Object {
          "instance": null,
          "key": undefined,
          "nodeType": "function",
          "props": Object {
            "children": Array [
              <Unknown>
                Add from database
</Unknown>,
              <Unknown>
                Add Manually
</Unknown>,
              <Unknown>
                Edit
</Unknown>,
            ],
          },
          "ref": null,
          "rendered": Array [
            Object {
              "instance": null,
              "key": undefined,
              "nodeType": "function",
              "props": Object {
                "children": "Add from database",
              },
              "ref": null,
              "rendered": "Add from database",
              "type": [Function],
            },
            Object {
              "instance": null,
              "key": undefined,
              "nodeType": "function",
              "props": Object {
                "children": "Add Manually",
              },
              "ref": null,
              "rendered": "Add Manually",
              "type": [Function],
            },
            Object {
              "instance": null,
              "key": undefined,
              "nodeType": "function",
              "props": Object {
                "children": "Edit",
              },
              "ref": null,
              "rendered": "Edit",
              "type": [Function],
            },
          ],
          "type": [Function],
        },
        Object {
          "instance": null,
          "key": undefined,
          "nodeType": "function",
          "props": Object {
            "children": Array [
              <Unknown>
                <Connect(FoodListFilters) />
                <Connect(CurrentLogAddFoodListContainer) />
</Unknown>,
              <Unknown>
                <Connect(AddFoodFormToCurrentLog) />
</Unknown>,
              <Unknown>
                <Connect(EditFoodFormForCurrentLog) />
</Unknown>,
            ],
          },
          "ref": null,
          "rendered": Array [
            Object {
              "instance": null,
              "key": undefined,
              "nodeType": "function",
              "props": Object {
                "children": Array [
                  <Connect(FoodListFilters) />,
                  <Connect(CurrentLogAddFoodListContainer) />,
                ],
              },
              "ref": null,
              "rendered": Array [
                Object {
                  "instance": null,
                  "key": undefined,
                  "nodeType": "class",
                  "props": Object {},
                  "ref": null,
                  "rendered": null,
                  "type": [Function],
                },
                Object {
                  "instance": null,
                  "key": undefined,
                  "nodeType": "class",
                  "props": Object {},
                  "ref": null,
                  "rendered": null,
                  "type": [Function],
                },
              ],
              "type": [Function],
            },
            Object {
              "instance": null,
              "key": undefined,
              "nodeType": "function",
              "props": Object {
                "children": <Connect(AddFoodFormToCurrentLog) />,
              },
              "ref": null,
              "rendered": Object {
                "instance": null,
                "key": undefined,
                "nodeType": "class",
                "props": Object {},
                "ref": null,
                "rendered": null,
                "type": [Function],
              },
              "type": [Function],
            },
            Object {
              "instance": null,
              "key": undefined,
              "nodeType": "function",
              "props": Object {
                "children": <Connect(EditFoodFormForCurrentLog) />,
              },
              "ref": null,
              "rendered": Object {
                "instance": null,
                "key": undefined,
                "nodeType": "class",
                "props": Object {},
                "ref": null,
                "rendered": null,
                "type": [Function],
              },
              "type": [Function],
            },
          ],
          "type": [Function],
        },
      ],
      "type": [Function],
    },
  ],
  Symbol(enzyme.__options__): Object {
    "adapter": ReactSixteenAdapter {
      "options": Object {
        "enableComponentDidUpdateOnSetState": true,
      },
    },
  },
}
`;
