// Jest Snapshot v1, https://goo.gl/fbAQLP

exports[`should render EditFood 1`] = `
ShallowWrapper {
  "length": 1,
  Symbol(enzyme.__root__): [Circular],
  Symbol(enzyme.__unrendered__): <EditFoodFormForFoods
    food={
        Object {
            "amount": 100,
            "base": Object {
              "amount": 100,
              "calories": 165,
              "carbohydrates": 0,
              "fat": 3.6,
              "protein": 31,
            },
            "calories": 165,
            "carbohydrates": 0,
            "createdAt": 1000,
            "fat": 3.6,
            "id": "2",
            "name": "Chicken Breast",
            "protein": 31,
            "timesUsed": 1,
            "unit": "grams",
          }
    }
    removeCurrentFood={[Function]}
    startEditFood={[Function]}
    startRemoveFood={[Function]}
/>,
  Symbol(enzyme.__renderer__): Object {
    "batchedUpdates": [Function],
    "getNode": [Function],
    "render": [Function],
    "simulateEvent": [Function],
    "unmount": [Function],
  },
  Symbol(enzyme.__node__): Object {
    "instance": null,
    "key": undefined,
    "nodeType": "class",
    "props": Object {
      "food": Object {
        "amount": 100,
        "base": Object {
          "amount": 100,
          "calories": 165,
          "carbohydrates": 0,
          "fat": 3.6,
          "protein": 31,
        },
        "calories": 165,
        "carbohydrates": 0,
        "createdAt": 1000,
        "fat": 3.6,
        "id": "2",
        "name": "Chicken Breast",
        "protein": 31,
        "timesUsed": 1,
        "unit": "grams",
      },
      "handleSubmit": [Function],
      "onExit": [Function],
      "onRemove": [Function],
      "title": "Edit Food",
    },
    "ref": null,
    "rendered": null,
    "type": [Function],
  },
  Symbol(enzyme.__nodes__): Array [
    Object {
      "instance": null,
      "key": undefined,
      "nodeType": "class",
      "props": Object {
        "food": Object {
          "amount": 100,
          "base": Object {
            "amount": 100,
            "calories": 165,
            "carbohydrates": 0,
            "fat": 3.6,
            "protein": 31,
          },
          "calories": 165,
          "carbohydrates": 0,
          "createdAt": 1000,
          "fat": 3.6,
          "id": "2",
          "name": "Chicken Breast",
          "protein": 31,
          "timesUsed": 1,
          "unit": "grams",
        },
        "handleSubmit": [Function],
        "onExit": [Function],
        "onRemove": [Function],
        "title": "Edit Food",
      },
      "ref": null,
      "rendered": null,
      "type": [Function],
    },
  ],
  Symbol(enzyme.__options__): Object {
    "adapter": ReactSixteenAdapter {
      "options": Object {
        "enableComponentDidUpdateOnSetState": true,
      },
    },
  },
}
`;
