// Jest Snapshot v1, https://goo.gl/fbAQLP

exports[`should render FoodListFilters correctly 1`] = `
ShallowWrapper {
  "length": 1,
  Symbol(enzyme.__root__): [Circular],
  Symbol(enzyme.__unrendered__): <FoodListFilters
    filters={
        Object {
            "maxFoodsShown": 10,
            "name": "",
            "offset": 0,
            "sortBy": "usage",
          }
    }
    foodsLength={3}
    setFoodNameFilter={[Function]}
    setFoodsOffset={[Function]}
    setMaxFoodsShown={[Function]}
    sortByDate={[Function]}
    sortByUsage={[Function]}
/>,
  Symbol(enzyme.__renderer__): Object {
    "batchedUpdates": [Function],
    "getNode": [Function],
    "render": [Function],
    "simulateEvent": [Function],
    "unmount": [Function],
  },
  Symbol(enzyme.__node__): Object {
    "instance": null,
    "key": undefined,
    "nodeType": "host",
    "props": Object {
      "children": Array [
        <div
          className="foodsListFilters__search"
>
          <input
                    className="foodsListFilters__input"
                    onChange={[Function]}
                    placeholder="Search Foods"
                    type="text"
                    value=""
          />
</div>,
        <div
          className="foodsListFilters__options"
>
          <select
                    className="foodsListFilters__select"
                    onChange={[Function]}
                    value="usage"
          >
                    <option
                              value="usage"
                    >
                              Usage
                    </option>
                    <option
                              value="date"
                    >
                              Date
                    </option>
          </select>
          <select
                    className="foodsListFilters__select"
                    onChange={[Function]}
                    value={10}
          >
                    <option
                              value={1}
                    >
                              1
                    </option>
                    <option
                              value={10}
                    >
                              10
                    </option>
                    <option
                              value={25}
                    >
                              25
                    </option>
                    <option
                              value={50}
                    >
                              50
                    </option>
          </select>
</div>,
        <div
          className="foodsListFilters__pages flex-right-end"
>
          <button
                    className="btn btn--page btn--disabled"
                    disabled={true}
                    onClick={[Function]}
          >
                    Prev
          </button>
          <button
                    className="btn btn--page btn--active"
                    disabled={true}
                    onClick={[Function]}
          >
                    1
          </button>
          <button
                    className="btn btn--page btn--disabled"
                    disabled={true}
                    onClick={[Function]}
          >
                    Next
          </button>
</div>,
      ],
      "className": "foodsListFilters",
    },
    "ref": null,
    "rendered": Array [
      Object {
        "instance": null,
        "key": undefined,
        "nodeType": "host",
        "props": Object {
          "children": <input
            className="foodsListFilters__input"
            onChange={[Function]}
            placeholder="Search Foods"
            type="text"
            value=""
/>,
          "className": "foodsListFilters__search",
        },
        "ref": null,
        "rendered": Object {
          "instance": null,
          "key": undefined,
          "nodeType": "host",
          "props": Object {
            "className": "foodsListFilters__input",
            "onChange": [Function],
            "placeholder": "Search Foods",
            "type": "text",
            "value": "",
          },
          "ref": null,
          "rendered": null,
          "type": "input",
        },
        "type": "div",
      },
      Object {
        "instance": null,
        "key": undefined,
        "nodeType": "host",
        "props": Object {
          "children": Array [
            <select
              className="foodsListFilters__select"
              onChange={[Function]}
              value="usage"
>
              <option
                            value="usage"
              >
                            Usage
              </option>
              <option
                            value="date"
              >
                            Date
              </option>
</select>,
            <select
              className="foodsListFilters__select"
              onChange={[Function]}
              value={10}
>
              <option
                            value={1}
              >
                            1
              </option>
              <option
                            value={10}
              >
                            10
              </option>
              <option
                            value={25}
              >
                            25
              </option>
              <option
                            value={50}
              >
                            50
              </option>
</select>,
          ],
          "className": "foodsListFilters__options",
        },
        "ref": null,
        "rendered": Array [
          Object {
            "instance": null,
            "key": undefined,
            "nodeType": "host",
            "props": Object {
              "children": Array [
                <option
                  value="usage"
>
                  Usage
</option>,
                <option
                  value="date"
>
                  Date
</option>,
              ],
              "className": "foodsListFilters__select",
              "onChange": [Function],
              "value": "usage",
            },
            "ref": null,
            "rendered": Array [
              Object {
                "instance": null,
                "key": undefined,
                "nodeType": "host",
                "props": Object {
                  "children": "Usage",
                  "value": "usage",
                },
                "ref": null,
                "rendered": "Usage",
                "type": "option",
              },
              Object {
                "instance": null,
                "key": undefined,
                "nodeType": "host",
                "props": Object {
                  "children": "Date",
                  "value": "date",
                },
                "ref": null,
                "rendered": "Date",
                "type": "option",
              },
            ],
            "type": "select",
          },
          Object {
            "instance": null,
            "key": undefined,
            "nodeType": "host",
            "props": Object {
              "children": Array [
                <option
                  value={1}
>
                  1
</option>,
                <option
                  value={10}
>
                  10
</option>,
                <option
                  value={25}
>
                  25
</option>,
                <option
                  value={50}
>
                  50
</option>,
              ],
              "className": "foodsListFilters__select",
              "onChange": [Function],
              "value": 10,
            },
            "ref": null,
            "rendered": Array [
              Object {
                "instance": null,
                "key": undefined,
                "nodeType": "host",
                "props": Object {
                  "children": "1",
                  "value": 1,
                },
                "ref": null,
                "rendered": "1",
                "type": "option",
              },
              Object {
                "instance": null,
                "key": undefined,
                "nodeType": "host",
                "props": Object {
                  "children": "10",
                  "value": 10,
                },
                "ref": null,
                "rendered": "10",
                "type": "option",
              },
              Object {
                "instance": null,
                "key": undefined,
                "nodeType": "host",
                "props": Object {
                  "children": "25",
                  "value": 25,
                },
                "ref": null,
                "rendered": "25",
                "type": "option",
              },
              Object {
                "instance": null,
                "key": undefined,
                "nodeType": "host",
                "props": Object {
                  "children": "50",
                  "value": 50,
                },
                "ref": null,
                "rendered": "50",
                "type": "option",
              },
            ],
            "type": "select",
          },
        ],
        "type": "div",
      },
      Object {
        "instance": null,
        "key": undefined,
        "nodeType": "host",
        "props": Object {
          "children": Array [
            <button
              className="btn btn--page btn--disabled"
              disabled={true}
              onClick={[Function]}
>
              Prev
</button>,
            Array [
              <button
                className="btn btn--page btn--active"
                disabled={true}
                onClick={[Function]}
>
                1
</button>,
            ],
            <button
              className="btn btn--page btn--disabled"
              disabled={true}
              onClick={[Function]}
>
              Next
</button>,
          ],
          "className": "foodsListFilters__pages flex-right-end",
        },
        "ref": null,
        "rendered": Array [
          Object {
            "instance": null,
            "key": undefined,
            "nodeType": "host",
            "props": Object {
              "children": "Prev",
              "className": "btn btn--page btn--disabled",
              "disabled": true,
              "onClick": [Function],
            },
            "ref": null,
            "rendered": "Prev",
            "type": "button",
          },
          Object {
            "instance": null,
            "key": "0",
            "nodeType": "host",
            "props": Object {
              "children": 1,
              "className": "btn btn--page btn--active",
              "disabled": true,
              "onClick": [Function],
            },
            "ref": null,
            "rendered": 1,
            "type": "button",
          },
          Object {
            "instance": null,
            "key": undefined,
            "nodeType": "host",
            "props": Object {
              "children": "Next",
              "className": "btn btn--page btn--disabled",
              "disabled": true,
              "onClick": [Function],
            },
            "ref": null,
            "rendered": "Next",
            "type": "button",
          },
        ],
        "type": "div",
      },
    ],
    "type": "div",
  },
  Symbol(enzyme.__nodes__): Array [
    Object {
      "instance": null,
      "key": undefined,
      "nodeType": "host",
      "props": Object {
        "children": Array [
          <div
            className="foodsListFilters__search"
>
            <input
                        className="foodsListFilters__input"
                        onChange={[Function]}
                        placeholder="Search Foods"
                        type="text"
                        value=""
            />
</div>,
          <div
            className="foodsListFilters__options"
>
            <select
                        className="foodsListFilters__select"
                        onChange={[Function]}
                        value="usage"
            >
                        <option
                                    value="usage"
                        >
                                    Usage
                        </option>
                        <option
                                    value="date"
                        >
                                    Date
                        </option>
            </select>
            <select
                        className="foodsListFilters__select"
                        onChange={[Function]}
                        value={10}
            >
                        <option
                                    value={1}
                        >
                                    1
                        </option>
                        <option
                                    value={10}
                        >
                                    10
                        </option>
                        <option
                                    value={25}
                        >
                                    25
                        </option>
                        <option
                                    value={50}
                        >
                                    50
                        </option>
            </select>
</div>,
          <div
            className="foodsListFilters__pages flex-right-end"
>
            <button
                        className="btn btn--page btn--disabled"
                        disabled={true}
                        onClick={[Function]}
            >
                        Prev
            </button>
            <button
                        className="btn btn--page btn--active"
                        disabled={true}
                        onClick={[Function]}
            >
                        1
            </button>
            <button
                        className="btn btn--page btn--disabled"
                        disabled={true}
                        onClick={[Function]}
            >
                        Next
            </button>
</div>,
        ],
        "className": "foodsListFilters",
      },
      "ref": null,
      "rendered": Array [
        Object {
          "instance": null,
          "key": undefined,
          "nodeType": "host",
          "props": Object {
            "children": <input
              className="foodsListFilters__input"
              onChange={[Function]}
              placeholder="Search Foods"
              type="text"
              value=""
/>,
            "className": "foodsListFilters__search",
          },
          "ref": null,
          "rendered": Object {
            "instance": null,
            "key": undefined,
            "nodeType": "host",
            "props": Object {
              "className": "foodsListFilters__input",
              "onChange": [Function],
              "placeholder": "Search Foods",
              "type": "text",
              "value": "",
            },
            "ref": null,
            "rendered": null,
            "type": "input",
          },
          "type": "div",
        },
        Object {
          "instance": null,
          "key": undefined,
          "nodeType": "host",
          "props": Object {
            "children": Array [
              <select
                className="foodsListFilters__select"
                onChange={[Function]}
                value="usage"
>
                <option
                                value="usage"
                >
                                Usage
                </option>
                <option
                                value="date"
                >
                                Date
                </option>
</select>,
              <select
                className="foodsListFilters__select"
                onChange={[Function]}
                value={10}
>
                <option
                                value={1}
                >
                                1
                </option>
                <option
                                value={10}
                >
                                10
                </option>
                <option
                                value={25}
                >
                                25
                </option>
                <option
                                value={50}
                >
                                50
                </option>
</select>,
            ],
            "className": "foodsListFilters__options",
          },
          "ref": null,
          "rendered": Array [
            Object {
              "instance": null,
              "key": undefined,
              "nodeType": "host",
              "props": Object {
                "children": Array [
                  <option
                    value="usage"
>
                    Usage
</option>,
                  <option
                    value="date"
>
                    Date
</option>,
                ],
                "className": "foodsListFilters__select",
                "onChange": [Function],
                "value": "usage",
              },
              "ref": null,
              "rendered": Array [
                Object {
                  "instance": null,
                  "key": undefined,
                  "nodeType": "host",
                  "props": Object {
                    "children": "Usage",
                    "value": "usage",
                  },
                  "ref": null,
                  "rendered": "Usage",
                  "type": "option",
                },
                Object {
                  "instance": null,
                  "key": undefined,
                  "nodeType": "host",
                  "props": Object {
                    "children": "Date",
                    "value": "date",
                  },
                  "ref": null,
                  "rendered": "Date",
                  "type": "option",
                },
              ],
              "type": "select",
            },
            Object {
              "instance": null,
              "key": undefined,
              "nodeType": "host",
              "props": Object {
                "children": Array [
                  <option
                    value={1}
>
                    1
</option>,
                  <option
                    value={10}
>
                    10
</option>,
                  <option
                    value={25}
>
                    25
</option>,
                  <option
                    value={50}
>
                    50
</option>,
                ],
                "className": "foodsListFilters__select",
                "onChange": [Function],
                "value": 10,
              },
              "ref": null,
              "rendered": Array [
                Object {
                  "instance": null,
                  "key": undefined,
                  "nodeType": "host",
                  "props": Object {
                    "children": "1",
                    "value": 1,
                  },
                  "ref": null,
                  "rendered": "1",
                  "type": "option",
                },
                Object {
                  "instance": null,
                  "key": undefined,
                  "nodeType": "host",
                  "props": Object {
                    "children": "10",
                    "value": 10,
                  },
                  "ref": null,
                  "rendered": "10",
                  "type": "option",
                },
                Object {
                  "instance": null,
                  "key": undefined,
                  "nodeType": "host",
                  "props": Object {
                    "children": "25",
                    "value": 25,
                  },
                  "ref": null,
                  "rendered": "25",
                  "type": "option",
                },
                Object {
                  "instance": null,
                  "key": undefined,
                  "nodeType": "host",
                  "props": Object {
                    "children": "50",
                    "value": 50,
                  },
                  "ref": null,
                  "rendered": "50",
                  "type": "option",
                },
              ],
              "type": "select",
            },
          ],
          "type": "div",
        },
        Object {
          "instance": null,
          "key": undefined,
          "nodeType": "host",
          "props": Object {
            "children": Array [
              <button
                className="btn btn--page btn--disabled"
                disabled={true}
                onClick={[Function]}
>
                Prev
</button>,
              Array [
                <button
                  className="btn btn--page btn--active"
                  disabled={true}
                  onClick={[Function]}
>
                  1
</button>,
              ],
              <button
                className="btn btn--page btn--disabled"
                disabled={true}
                onClick={[Function]}
>
                Next
</button>,
            ],
            "className": "foodsListFilters__pages flex-right-end",
          },
          "ref": null,
          "rendered": Array [
            Object {
              "instance": null,
              "key": undefined,
              "nodeType": "host",
              "props": Object {
                "children": "Prev",
                "className": "btn btn--page btn--disabled",
                "disabled": true,
                "onClick": [Function],
              },
              "ref": null,
              "rendered": "Prev",
              "type": "button",
            },
            Object {
              "instance": null,
              "key": "0",
              "nodeType": "host",
              "props": Object {
                "children": 1,
                "className": "btn btn--page btn--active",
                "disabled": true,
                "onClick": [Function],
              },
              "ref": null,
              "rendered": 1,
              "type": "button",
            },
            Object {
              "instance": null,
              "key": undefined,
              "nodeType": "host",
              "props": Object {
                "children": "Next",
                "className": "btn btn--page btn--disabled",
                "disabled": true,
                "onClick": [Function],
              },
              "ref": null,
              "rendered": "Next",
              "type": "button",
            },
          ],
          "type": "div",
        },
      ],
      "type": "div",
    },
  ],
  Symbol(enzyme.__options__): Object {
    "adapter": ReactSixteenAdapter {
      "options": Object {
        "enableComponentDidUpdateOnSetState": true,
      },
    },
  },
}
`;
