// Jest Snapshot v1, https://goo.gl/fbAQLP

exports[`should render currently 1`] = `
ShallowWrapper {
  "length": 1,
  Symbol(enzyme.__root__): [Circular],
  Symbol(enzyme.__unrendered__): <FoodListContainer
    addCurrentFood={[Function]}
    currentFood={
        Object {
            "amount": 100,
            "base": Object {
              "amount": 100,
              "calories": 165,
              "carbohydrates": 0,
              "fat": 3.6,
              "protein": 31,
            },
            "calories": 165,
            "carbohydrates": 0,
            "createdAt": 1000,
            "fat": 3.6,
            "id": "2",
            "name": "Chicken Breast",
            "protein": 31,
            "timesUsed": 1,
            "unit": "grams",
          }
    }
    foods={
        Array [
            Object {
              "amount": 200,
              "calories": 205,
              "carbohydrates": 44,
              "createdAt": 0,
              "fat": 0.4,
              "id": "1",
              "name": "Rice (Jasmine)",
              "protein": 4.2,
              "timesUsed": 0,
              "unit": "grams",
            },
            Object {
              "amount": 100,
              "base": Object {
                "amount": 100,
                "calories": 165,
                "carbohydrates": 0,
                "fat": 3.6,
                "protein": 31,
              },
              "calories": 165,
              "carbohydrates": 0,
              "createdAt": 1000,
              "fat": 3.6,
              "id": "2",
              "name": "Chicken Breast",
              "protein": 31,
              "timesUsed": 1,
              "unit": "grams",
            },
            Object {
              "amount": 24,
              "calories": 163,
              "carbohydrates": 2.5,
              "createdAt": -1000,
              "fat": 14,
              "id": "3",
              "name": "Almonds",
              "protein": 6,
              "timesUsed": 2,
              "unit": "pieces",
            },
          ]
    }
    removeCurrentFood={[Function]}
/>,
  Symbol(enzyme.__renderer__): Object {
    "batchedUpdates": [Function],
    "getNode": [Function],
    "render": [Function],
    "simulateEvent": [Function],
    "unmount": [Function],
  },
  Symbol(enzyme.__node__): Object {
    "instance": null,
    "key": undefined,
    "nodeType": "function",
    "props": Object {
      "buttonText": "Edit",
      "foods": Array [
        Object {
          "amount": 200,
          "calories": 205,
          "carbohydrates": 44,
          "createdAt": 0,
          "fat": 0.4,
          "id": "1",
          "name": "Rice (Jasmine)",
          "protein": 4.2,
          "timesUsed": 0,
          "unit": "grams",
        },
        Object {
          "amount": 100,
          "base": Object {
            "amount": 100,
            "calories": 165,
            "carbohydrates": 0,
            "fat": 3.6,
            "protein": 31,
          },
          "calories": 165,
          "carbohydrates": 0,
          "createdAt": 1000,
          "fat": 3.6,
          "id": "2",
          "name": "Chicken Breast",
          "protein": 31,
          "timesUsed": 1,
          "unit": "grams",
        },
        Object {
          "amount": 24,
          "calories": 163,
          "carbohydrates": 2.5,
          "createdAt": -1000,
          "fat": 14,
          "id": "3",
          "name": "Almonds",
          "protein": 6,
          "timesUsed": 2,
          "unit": "pieces",
        },
      ],
      "onClick": [Function],
    },
    "ref": null,
    "rendered": null,
    "type": [Function],
  },
  Symbol(enzyme.__nodes__): Array [
    Object {
      "instance": null,
      "key": undefined,
      "nodeType": "function",
      "props": Object {
        "buttonText": "Edit",
        "foods": Array [
          Object {
            "amount": 200,
            "calories": 205,
            "carbohydrates": 44,
            "createdAt": 0,
            "fat": 0.4,
            "id": "1",
            "name": "Rice (Jasmine)",
            "protein": 4.2,
            "timesUsed": 0,
            "unit": "grams",
          },
          Object {
            "amount": 100,
            "base": Object {
              "amount": 100,
              "calories": 165,
              "carbohydrates": 0,
              "fat": 3.6,
              "protein": 31,
            },
            "calories": 165,
            "carbohydrates": 0,
            "createdAt": 1000,
            "fat": 3.6,
            "id": "2",
            "name": "Chicken Breast",
            "protein": 31,
            "timesUsed": 1,
            "unit": "grams",
          },
          Object {
            "amount": 24,
            "calories": 163,
            "carbohydrates": 2.5,
            "createdAt": -1000,
            "fat": 14,
            "id": "3",
            "name": "Almonds",
            "protein": 6,
            "timesUsed": 2,
            "unit": "pieces",
          },
        ],
        "onClick": [Function],
      },
      "ref": null,
      "rendered": null,
      "type": [Function],
    },
  ],
  Symbol(enzyme.__options__): Object {
    "adapter": ReactSixteenAdapter {
      "options": Object {
        "enableComponentDidUpdateOnSetState": true,
      },
    },
  },
}
`;
