// Jest Snapshot v1, https://goo.gl/fbAQLP

exports[`should render Logs correctly 1`] = `
ShallowWrapper {
  "length": 1,
  Symbol(enzyme.__root__): [Circular],
  Symbol(enzyme.__unrendered__): <Unknown />,
  Symbol(enzyme.__renderer__): Object {
    "batchedUpdates": [Function],
    "getNode": [Function],
    "render": [Function],
    "simulateEvent": [Function],
    "unmount": [Function],
  },
  Symbol(enzyme.__node__): Object {
    "instance": null,
    "key": undefined,
    "nodeType": "host",
    "props": Object {
      "children": <div
        className="row"
>
        <section
                className="section__full-start-end"
        >
                <Connect(Header)
                        history={
                                Object {
                                        "action": "POP",
                                        "block": [Function],
                                        "createHref": [Function],
                                        "go": [Function],
                                        "goBack": [Function],
                                        "goForward": [Function],
                                        "length": 1,
                                        "listen": [Function],
                                        "location": Object {
                                          "hash": "",
                                          "pathname": "/",
                                          "search": "",
                                          "state": undefined,
                                        },
                                        "push": [Function],
                                        "replace": [Function],
                                      }
                        }
                />
        </section>
        <section
                className="section__center-start-end"
        >
                <Connect(LogListFilters) />
        </section>
        <section
                className="section__center-6-start-end margin-bottom-large"
        >
                <Connect(LogListContainer)
                        history={
                                Object {
                                        "action": "POP",
                                        "block": [Function],
                                        "createHref": [Function],
                                        "go": [Function],
                                        "goBack": [Function],
                                        "goForward": [Function],
                                        "length": 1,
                                        "listen": [Function],
                                        "location": Object {
                                          "hash": "",
                                          "pathname": "/",
                                          "search": "",
                                          "state": undefined,
                                        },
                                        "push": [Function],
                                        "replace": [Function],
                                      }
                        }
                />
        </section>
</div>,
      "className": "container",
    },
    "ref": null,
    "rendered": Object {
      "instance": null,
      "key": undefined,
      "nodeType": "host",
      "props": Object {
        "children": Array [
          <section
            className="section__full-start-end"
>
            <Connect(Header)
                        history={
                                    Object {
                                                "action": "POP",
                                                "block": [Function],
                                                "createHref": [Function],
                                                "go": [Function],
                                                "goBack": [Function],
                                                "goForward": [Function],
                                                "length": 1,
                                                "listen": [Function],
                                                "location": Object {
                                                  "hash": "",
                                                  "pathname": "/",
                                                  "search": "",
                                                  "state": undefined,
                                                },
                                                "push": [Function],
                                                "replace": [Function],
                                              }
                        }
            />
</section>,
          <section
            className="section__center-start-end"
>
            <Connect(LogListFilters) />
</section>,
          <section
            className="section__center-6-start-end margin-bottom-large"
>
            <Connect(LogListContainer)
                        history={
                                    Object {
                                                "action": "POP",
                                                "block": [Function],
                                                "createHref": [Function],
                                                "go": [Function],
                                                "goBack": [Function],
                                                "goForward": [Function],
                                                "length": 1,
                                                "listen": [Function],
                                                "location": Object {
                                                  "hash": "",
                                                  "pathname": "/",
                                                  "search": "",
                                                  "state": undefined,
                                                },
                                                "push": [Function],
                                                "replace": [Function],
                                              }
                        }
            />
</section>,
        ],
        "className": "row",
      },
      "ref": null,
      "rendered": Array [
        Object {
          "instance": null,
          "key": undefined,
          "nodeType": "host",
          "props": Object {
            "children": <Connect(Header)
              history={
                            Object {
                                          "action": "POP",
                                          "block": [Function],
                                          "createHref": [Function],
                                          "go": [Function],
                                          "goBack": [Function],
                                          "goForward": [Function],
                                          "length": 1,
                                          "listen": [Function],
                                          "location": Object {
                                            "hash": "",
                                            "pathname": "/",
                                            "search": "",
                                            "state": undefined,
                                          },
                                          "push": [Function],
                                          "replace": [Function],
                                        }
              }
/>,
            "className": "section__full-start-end",
          },
          "ref": null,
          "rendered": Object {
            "instance": null,
            "key": undefined,
            "nodeType": "class",
            "props": Object {
              "history": Object {
                "action": "POP",
                "block": [Function],
                "createHref": [Function],
                "go": [Function],
                "goBack": [Function],
                "goForward": [Function],
                "length": 1,
                "listen": [Function],
                "location": Object {
                  "hash": "",
                  "pathname": "/",
                  "search": "",
                  "state": undefined,
                },
                "push": [Function],
                "replace": [Function],
              },
            },
            "ref": null,
            "rendered": null,
            "type": [Function],
          },
          "type": "section",
        },
        Object {
          "instance": null,
          "key": undefined,
          "nodeType": "host",
          "props": Object {
            "children": <Connect(LogListFilters) />,
            "className": "section__center-start-end",
          },
          "ref": null,
          "rendered": Object {
            "instance": null,
            "key": undefined,
            "nodeType": "class",
            "props": Object {},
            "ref": null,
            "rendered": null,
            "type": [Function],
          },
          "type": "section",
        },
        Object {
          "instance": null,
          "key": undefined,
          "nodeType": "host",
          "props": Object {
            "children": <Connect(LogListContainer)
              history={
                            Object {
                                          "action": "POP",
                                          "block": [Function],
                                          "createHref": [Function],
                                          "go": [Function],
                                          "goBack": [Function],
                                          "goForward": [Function],
                                          "length": 1,
                                          "listen": [Function],
                                          "location": Object {
                                            "hash": "",
                                            "pathname": "/",
                                            "search": "",
                                            "state": undefined,
                                          },
                                          "push": [Function],
                                          "replace": [Function],
                                        }
              }
/>,
            "className": "section__center-6-start-end margin-bottom-large",
          },
          "ref": null,
          "rendered": Object {
            "instance": null,
            "key": undefined,
            "nodeType": "class",
            "props": Object {
              "history": Object {
                "action": "POP",
                "block": [Function],
                "createHref": [Function],
                "go": [Function],
                "goBack": [Function],
                "goForward": [Function],
                "length": 1,
                "listen": [Function],
                "location": Object {
                  "hash": "",
                  "pathname": "/",
                  "search": "",
                  "state": undefined,
                },
                "push": [Function],
                "replace": [Function],
              },
            },
            "ref": null,
            "rendered": null,
            "type": [Function],
          },
          "type": "section",
        },
      ],
      "type": "div",
    },
    "type": "div",
  },
  Symbol(enzyme.__nodes__): Array [
    Object {
      "instance": null,
      "key": undefined,
      "nodeType": "host",
      "props": Object {
        "children": <div
          className="row"
>
          <section
                    className="section__full-start-end"
          >
                    <Connect(Header)
                              history={
                                        Object {
                                                  "action": "POP",
                                                  "block": [Function],
                                                  "createHref": [Function],
                                                  "go": [Function],
                                                  "goBack": [Function],
                                                  "goForward": [Function],
                                                  "length": 1,
                                                  "listen": [Function],
                                                  "location": Object {
                                                    "hash": "",
                                                    "pathname": "/",
                                                    "search": "",
                                                    "state": undefined,
                                                  },
                                                  "push": [Function],
                                                  "replace": [Function],
                                                }
                              }
                    />
          </section>
          <section
                    className="section__center-start-end"
          >
                    <Connect(LogListFilters) />
          </section>
          <section
                    className="section__center-6-start-end margin-bottom-large"
          >
                    <Connect(LogListContainer)
                              history={
                                        Object {
                                                  "action": "POP",
                                                  "block": [Function],
                                                  "createHref": [Function],
                                                  "go": [Function],
                                                  "goBack": [Function],
                                                  "goForward": [Function],
                                                  "length": 1,
                                                  "listen": [Function],
                                                  "location": Object {
                                                    "hash": "",
                                                    "pathname": "/",
                                                    "search": "",
                                                    "state": undefined,
                                                  },
                                                  "push": [Function],
                                                  "replace": [Function],
                                                }
                              }
                    />
          </section>
</div>,
        "className": "container",
      },
      "ref": null,
      "rendered": Object {
        "instance": null,
        "key": undefined,
        "nodeType": "host",
        "props": Object {
          "children": Array [
            <section
              className="section__full-start-end"
>
              <Connect(Header)
                            history={
                                          Object {
                                                        "action": "POP",
                                                        "block": [Function],
                                                        "createHref": [Function],
                                                        "go": [Function],
                                                        "goBack": [Function],
                                                        "goForward": [Function],
                                                        "length": 1,
                                                        "listen": [Function],
                                                        "location": Object {
                                                          "hash": "",
                                                          "pathname": "/",
                                                          "search": "",
                                                          "state": undefined,
                                                        },
                                                        "push": [Function],
                                                        "replace": [Function],
                                                      }
                            }
              />
</section>,
            <section
              className="section__center-start-end"
>
              <Connect(LogListFilters) />
</section>,
            <section
              className="section__center-6-start-end margin-bottom-large"
>
              <Connect(LogListContainer)
                            history={
                                          Object {
                                                        "action": "POP",
                                                        "block": [Function],
                                                        "createHref": [Function],
                                                        "go": [Function],
                                                        "goBack": [Function],
                                                        "goForward": [Function],
                                                        "length": 1,
                                                        "listen": [Function],
                                                        "location": Object {
                                                          "hash": "",
                                                          "pathname": "/",
                                                          "search": "",
                                                          "state": undefined,
                                                        },
                                                        "push": [Function],
                                                        "replace": [Function],
                                                      }
                            }
              />
</section>,
          ],
          "className": "row",
        },
        "ref": null,
        "rendered": Array [
          Object {
            "instance": null,
            "key": undefined,
            "nodeType": "host",
            "props": Object {
              "children": <Connect(Header)
                history={
                                Object {
                                                "action": "POP",
                                                "block": [Function],
                                                "createHref": [Function],
                                                "go": [Function],
                                                "goBack": [Function],
                                                "goForward": [Function],
                                                "length": 1,
                                                "listen": [Function],
                                                "location": Object {
                                                  "hash": "",
                                                  "pathname": "/",
                                                  "search": "",
                                                  "state": undefined,
                                                },
                                                "push": [Function],
                                                "replace": [Function],
                                              }
                }
/>,
              "className": "section__full-start-end",
            },
            "ref": null,
            "rendered": Object {
              "instance": null,
              "key": undefined,
              "nodeType": "class",
              "props": Object {
                "history": Object {
                  "action": "POP",
                  "block": [Function],
                  "createHref": [Function],
                  "go": [Function],
                  "goBack": [Function],
                  "goForward": [Function],
                  "length": 1,
                  "listen": [Function],
                  "location": Object {
                    "hash": "",
                    "pathname": "/",
                    "search": "",
                    "state": undefined,
                  },
                  "push": [Function],
                  "replace": [Function],
                },
              },
              "ref": null,
              "rendered": null,
              "type": [Function],
            },
            "type": "section",
          },
          Object {
            "instance": null,
            "key": undefined,
            "nodeType": "host",
            "props": Object {
              "children": <Connect(LogListFilters) />,
              "className": "section__center-start-end",
            },
            "ref": null,
            "rendered": Object {
              "instance": null,
              "key": undefined,
              "nodeType": "class",
              "props": Object {},
              "ref": null,
              "rendered": null,
              "type": [Function],
            },
            "type": "section",
          },
          Object {
            "instance": null,
            "key": undefined,
            "nodeType": "host",
            "props": Object {
              "children": <Connect(LogListContainer)
                history={
                                Object {
                                                "action": "POP",
                                                "block": [Function],
                                                "createHref": [Function],
                                                "go": [Function],
                                                "goBack": [Function],
                                                "goForward": [Function],
                                                "length": 1,
                                                "listen": [Function],
                                                "location": Object {
                                                  "hash": "",
                                                  "pathname": "/",
                                                  "search": "",
                                                  "state": undefined,
                                                },
                                                "push": [Function],
                                                "replace": [Function],
                                              }
                }
/>,
              "className": "section__center-6-start-end margin-bottom-large",
            },
            "ref": null,
            "rendered": Object {
              "instance": null,
              "key": undefined,
              "nodeType": "class",
              "props": Object {
                "history": Object {
                  "action": "POP",
                  "block": [Function],
                  "createHref": [Function],
                  "go": [Function],
                  "goBack": [Function],
                  "goForward": [Function],
                  "length": 1,
                  "listen": [Function],
                  "location": Object {
                    "hash": "",
                    "pathname": "/",
                    "search": "",
                    "state": undefined,
                  },
                  "push": [Function],
                  "replace": [Function],
                },
              },
              "ref": null,
              "rendered": null,
              "type": [Function],
            },
            "type": "section",
          },
        ],
        "type": "div",
      },
      "type": "div",
    },
  ],
  Symbol(enzyme.__options__): Object {
    "adapter": ReactSixteenAdapter {
      "options": Object {
        "enableComponentDidUpdateOnSetState": true,
      },
    },
  },
}
`;
