// Jest Snapshot v1, https://goo.gl/fbAQLP

exports[`should render EditFood 1`] = `
ShallowWrapper {
  "length": 1,
  Symbol(enzyme.__root__): [Circular],
  Symbol(enzyme.__unrendered__): <EditFoodFormForFoods
    food={
        Object {
            "amount": 100,
            "calories": 165,
            "carbohydrates": 0,
            "fat": 3.6,
            "id": "2",
            "name": "Chicken Breast",
            "protein": 31,
            "unit": "grams",
          }
    }
    removeCurrentFood={[Function]}
    startEditFood={[Function]}
    startRemoveFood={[Function]}
/>,
  Symbol(enzyme.__renderer__): Object {
    "batchedUpdates": [Function],
    "getNode": [Function],
    "render": [Function],
    "simulateEvent": [Function],
    "unmount": [Function],
  },
  Symbol(enzyme.__node__): Object {
    "instance": null,
    "key": undefined,
    "nodeType": "host",
    "props": Object {
      "children": Array [
        <div
          className="page-header"
>
          <div
                    className="content-container"
          >
                    <h1
                              className="page-header__title"
                    >
                              Edit Food
                    </h1>
          </div>
</div>,
        <div
          className="content-container"
>
          <FoodForm
                    food={
                              Object {
                                        "amount": 100,
                                        "calories": 165,
                                        "carbohydrates": 0,
                                        "fat": 3.6,
                                        "id": "2",
                                        "name": "Chicken Breast",
                                        "protein": 31,
                                        "unit": "grams",
                                      }
                    }
                    handleSubmit={[Function]}
          />
          <button
                    onClick={[Function]}
          >
                    Remove
          </button>
          <button
                    onClick={[Function]}
          >
                    Exit
          </button>
</div>,
      ],
    },
    "ref": null,
    "rendered": Array [
      Object {
        "instance": null,
        "key": undefined,
        "nodeType": "host",
        "props": Object {
          "children": <div
            className="content-container"
>
            <h1
                        className="page-header__title"
            >
                        Edit Food
            </h1>
</div>,
          "className": "page-header",
        },
        "ref": null,
        "rendered": Object {
          "instance": null,
          "key": undefined,
          "nodeType": "host",
          "props": Object {
            "children": <h1
              className="page-header__title"
>
              Edit Food
</h1>,
            "className": "content-container",
          },
          "ref": null,
          "rendered": Object {
            "instance": null,
            "key": undefined,
            "nodeType": "host",
            "props": Object {
              "children": "Edit Food",
              "className": "page-header__title",
            },
            "ref": null,
            "rendered": "Edit Food",
            "type": "h1",
          },
          "type": "div",
        },
        "type": "div",
      },
      Object {
        "instance": null,
        "key": undefined,
        "nodeType": "host",
        "props": Object {
          "children": Array [
            <FoodForm
              food={
                            Object {
                                          "amount": 100,
                                          "calories": 165,
                                          "carbohydrates": 0,
                                          "fat": 3.6,
                                          "id": "2",
                                          "name": "Chicken Breast",
                                          "protein": 31,
                                          "unit": "grams",
                                        }
              }
              handleSubmit={[Function]}
/>,
            <button
              onClick={[Function]}
>
              Remove
</button>,
            <button
              onClick={[Function]}
>
              Exit
</button>,
          ],
          "className": "content-container",
        },
        "ref": null,
        "rendered": Array [
          Object {
            "instance": null,
            "key": undefined,
            "nodeType": "class",
            "props": Object {
              "food": Object {
                "amount": 100,
                "calories": 165,
                "carbohydrates": 0,
                "fat": 3.6,
                "id": "2",
                "name": "Chicken Breast",
                "protein": 31,
                "unit": "grams",
              },
              "handleSubmit": [Function],
            },
            "ref": null,
            "rendered": null,
            "type": [Function],
          },
          Object {
            "instance": null,
            "key": undefined,
            "nodeType": "host",
            "props": Object {
              "children": "Remove",
              "onClick": [Function],
            },
            "ref": null,
            "rendered": "Remove",
            "type": "button",
          },
          Object {
            "instance": null,
            "key": undefined,
            "nodeType": "host",
            "props": Object {
              "children": "Exit",
              "onClick": [Function],
            },
            "ref": null,
            "rendered": "Exit",
            "type": "button",
          },
        ],
        "type": "div",
      },
    ],
    "type": "div",
  },
  Symbol(enzyme.__nodes__): Array [
    Object {
      "instance": null,
      "key": undefined,
      "nodeType": "host",
      "props": Object {
        "children": Array [
          <div
            className="page-header"
>
            <div
                        className="content-container"
            >
                        <h1
                                    className="page-header__title"
                        >
                                    Edit Food
                        </h1>
            </div>
</div>,
          <div
            className="content-container"
>
            <FoodForm
                        food={
                                    Object {
                                                "amount": 100,
                                                "calories": 165,
                                                "carbohydrates": 0,
                                                "fat": 3.6,
                                                "id": "2",
                                                "name": "Chicken Breast",
                                                "protein": 31,
                                                "unit": "grams",
                                              }
                        }
                        handleSubmit={[Function]}
            />
            <button
                        onClick={[Function]}
            >
                        Remove
            </button>
            <button
                        onClick={[Function]}
            >
                        Exit
            </button>
</div>,
        ],
      },
      "ref": null,
      "rendered": Array [
        Object {
          "instance": null,
          "key": undefined,
          "nodeType": "host",
          "props": Object {
            "children": <div
              className="content-container"
>
              <h1
                            className="page-header__title"
              >
                            Edit Food
              </h1>
</div>,
            "className": "page-header",
          },
          "ref": null,
          "rendered": Object {
            "instance": null,
            "key": undefined,
            "nodeType": "host",
            "props": Object {
              "children": <h1
                className="page-header__title"
>
                Edit Food
</h1>,
              "className": "content-container",
            },
            "ref": null,
            "rendered": Object {
              "instance": null,
              "key": undefined,
              "nodeType": "host",
              "props": Object {
                "children": "Edit Food",
                "className": "page-header__title",
              },
              "ref": null,
              "rendered": "Edit Food",
              "type": "h1",
            },
            "type": "div",
          },
          "type": "div",
        },
        Object {
          "instance": null,
          "key": undefined,
          "nodeType": "host",
          "props": Object {
            "children": Array [
              <FoodForm
                food={
                                Object {
                                                "amount": 100,
                                                "calories": 165,
                                                "carbohydrates": 0,
                                                "fat": 3.6,
                                                "id": "2",
                                                "name": "Chicken Breast",
                                                "protein": 31,
                                                "unit": "grams",
                                              }
                }
                handleSubmit={[Function]}
/>,
              <button
                onClick={[Function]}
>
                Remove
</button>,
              <button
                onClick={[Function]}
>
                Exit
</button>,
            ],
            "className": "content-container",
          },
          "ref": null,
          "rendered": Array [
            Object {
              "instance": null,
              "key": undefined,
              "nodeType": "class",
              "props": Object {
                "food": Object {
                  "amount": 100,
                  "calories": 165,
                  "carbohydrates": 0,
                  "fat": 3.6,
                  "id": "2",
                  "name": "Chicken Breast",
                  "protein": 31,
                  "unit": "grams",
                },
                "handleSubmit": [Function],
              },
              "ref": null,
              "rendered": null,
              "type": [Function],
            },
            Object {
              "instance": null,
              "key": undefined,
              "nodeType": "host",
              "props": Object {
                "children": "Remove",
                "onClick": [Function],
              },
              "ref": null,
              "rendered": "Remove",
              "type": "button",
            },
            Object {
              "instance": null,
              "key": undefined,
              "nodeType": "host",
              "props": Object {
                "children": "Exit",
                "onClick": [Function],
              },
              "ref": null,
              "rendered": "Exit",
              "type": "button",
            },
          ],
          "type": "div",
        },
      ],
      "type": "div",
    },
  ],
  Symbol(enzyme.__options__): Object {
    "adapter": ReactSixteenAdapter {
      "options": Object {
        "enableComponentDidUpdateOnSetState": true,
      },
    },
  },
}
`;
