// Jest Snapshot v1, https://goo.gl/fbAQLP

exports[`should render FoodList with foods 1`] = `
ShallowWrapper {
  "length": 1,
  Symbol(enzyme.__root__): [Circular],
  Symbol(enzyme.__unrendered__): <FoodList
    foods={
        Array [
            Object {
              "amount": 200,
              "calories": 205,
              "carbohydrates": 44,
              "fat": 0.4,
              "id": "1",
              "name": "Rice (Jasmine)",
              "protein": 4.2,
              "unit": "grams",
            },
            Object {
              "amount": "100",
              "calories": "165",
              "carbohydrates": "0",
              "fat": "3.6",
              "id": "2",
              "name": "Chicken Breast",
              "protein": "31",
              "unit": "grams",
            },
            Object {
              "amount": 24,
              "calories": 163,
              "carbohydrates": 2.5,
              "fat": 14,
              "id": "3",
              "name": "Almonds",
              "protein": 6,
              "unit": "pieces",
            },
          ]
    }
/>,
  Symbol(enzyme.__renderer__): Object {
    "batchedUpdates": [Function],
    "getNode": [Function],
    "render": [Function],
    "simulateEvent": [Function],
    "unmount": [Function],
  },
  Symbol(enzyme.__node__): Object {
    "instance": null,
    "key": undefined,
    "nodeType": "host",
    "props": Object {
      "children": Array [
        <div>
          <FoodListItem
                    amount={200}
                    calories={205}
                    carbohydrates={44}
                    fat={0.4}
                    id="1"
                    name="Rice (Jasmine)"
                    protein={4.2}
                    unit="grams"
          />
          <button
                    onClick={[Function]}
          >
                    edit this
          </button>
</div>,
        <div>
          <FoodListItem
                    amount="100"
                    calories="165"
                    carbohydrates="0"
                    fat="3.6"
                    id="2"
                    name="Chicken Breast"
                    protein="31"
                    unit="grams"
          />
          <button
                    onClick={[Function]}
          >
                    edit this
          </button>
</div>,
        <div>
          <FoodListItem
                    amount={24}
                    calories={163}
                    carbohydrates={2.5}
                    fat={14}
                    id="3"
                    name="Almonds"
                    protein={6}
                    unit="pieces"
          />
          <button
                    onClick={[Function]}
          >
                    edit this
          </button>
</div>,
      ],
    },
    "ref": null,
    "rendered": Array [
      Object {
        "instance": null,
        "key": "div 1",
        "nodeType": "host",
        "props": Object {
          "children": Array [
            <FoodListItem
              amount={200}
              calories={205}
              carbohydrates={44}
              fat={0.4}
              id="1"
              name="Rice (Jasmine)"
              protein={4.2}
              unit="grams"
/>,
            <button
              onClick={[Function]}
>
              edit this
</button>,
          ],
        },
        "ref": null,
        "rendered": Array [
          Object {
            "instance": null,
            "key": "item 1",
            "nodeType": "function",
            "props": Object {
              "amount": 200,
              "calories": 205,
              "carbohydrates": 44,
              "fat": 0.4,
              "id": "1",
              "name": "Rice (Jasmine)",
              "protein": 4.2,
              "unit": "grams",
            },
            "ref": null,
            "rendered": null,
            "type": [Function],
          },
          Object {
            "instance": null,
            "key": "button 1",
            "nodeType": "host",
            "props": Object {
              "children": "edit this",
              "onClick": [Function],
            },
            "ref": null,
            "rendered": "edit this",
            "type": "button",
          },
        ],
        "type": "div",
      },
      Object {
        "instance": null,
        "key": "div 2",
        "nodeType": "host",
        "props": Object {
          "children": Array [
            <FoodListItem
              amount="100"
              calories="165"
              carbohydrates="0"
              fat="3.6"
              id="2"
              name="Chicken Breast"
              protein="31"
              unit="grams"
/>,
            <button
              onClick={[Function]}
>
              edit this
</button>,
          ],
        },
        "ref": null,
        "rendered": Array [
          Object {
            "instance": null,
            "key": "item 2",
            "nodeType": "function",
            "props": Object {
              "amount": "100",
              "calories": "165",
              "carbohydrates": "0",
              "fat": "3.6",
              "id": "2",
              "name": "Chicken Breast",
              "protein": "31",
              "unit": "grams",
            },
            "ref": null,
            "rendered": null,
            "type": [Function],
          },
          Object {
            "instance": null,
            "key": "button 2",
            "nodeType": "host",
            "props": Object {
              "children": "edit this",
              "onClick": [Function],
            },
            "ref": null,
            "rendered": "edit this",
            "type": "button",
          },
        ],
        "type": "div",
      },
      Object {
        "instance": null,
        "key": "div 3",
        "nodeType": "host",
        "props": Object {
          "children": Array [
            <FoodListItem
              amount={24}
              calories={163}
              carbohydrates={2.5}
              fat={14}
              id="3"
              name="Almonds"
              protein={6}
              unit="pieces"
/>,
            <button
              onClick={[Function]}
>
              edit this
</button>,
          ],
        },
        "ref": null,
        "rendered": Array [
          Object {
            "instance": null,
            "key": "item 3",
            "nodeType": "function",
            "props": Object {
              "amount": 24,
              "calories": 163,
              "carbohydrates": 2.5,
              "fat": 14,
              "id": "3",
              "name": "Almonds",
              "protein": 6,
              "unit": "pieces",
            },
            "ref": null,
            "rendered": null,
            "type": [Function],
          },
          Object {
            "instance": null,
            "key": "button 3",
            "nodeType": "host",
            "props": Object {
              "children": "edit this",
              "onClick": [Function],
            },
            "ref": null,
            "rendered": "edit this",
            "type": "button",
          },
        ],
        "type": "div",
      },
    ],
    "type": "div",
  },
  Symbol(enzyme.__nodes__): Array [
    Object {
      "instance": null,
      "key": undefined,
      "nodeType": "host",
      "props": Object {
        "children": Array [
          <div>
            <FoodListItem
                        amount={200}
                        calories={205}
                        carbohydrates={44}
                        fat={0.4}
                        id="1"
                        name="Rice (Jasmine)"
                        protein={4.2}
                        unit="grams"
            />
            <button
                        onClick={[Function]}
            >
                        edit this
            </button>
</div>,
          <div>
            <FoodListItem
                        amount="100"
                        calories="165"
                        carbohydrates="0"
                        fat="3.6"
                        id="2"
                        name="Chicken Breast"
                        protein="31"
                        unit="grams"
            />
            <button
                        onClick={[Function]}
            >
                        edit this
            </button>
</div>,
          <div>
            <FoodListItem
                        amount={24}
                        calories={163}
                        carbohydrates={2.5}
                        fat={14}
                        id="3"
                        name="Almonds"
                        protein={6}
                        unit="pieces"
            />
            <button
                        onClick={[Function]}
            >
                        edit this
            </button>
</div>,
        ],
      },
      "ref": null,
      "rendered": Array [
        Object {
          "instance": null,
          "key": "div 1",
          "nodeType": "host",
          "props": Object {
            "children": Array [
              <FoodListItem
                amount={200}
                calories={205}
                carbohydrates={44}
                fat={0.4}
                id="1"
                name="Rice (Jasmine)"
                protein={4.2}
                unit="grams"
/>,
              <button
                onClick={[Function]}
>
                edit this
</button>,
            ],
          },
          "ref": null,
          "rendered": Array [
            Object {
              "instance": null,
              "key": "item 1",
              "nodeType": "function",
              "props": Object {
                "amount": 200,
                "calories": 205,
                "carbohydrates": 44,
                "fat": 0.4,
                "id": "1",
                "name": "Rice (Jasmine)",
                "protein": 4.2,
                "unit": "grams",
              },
              "ref": null,
              "rendered": null,
              "type": [Function],
            },
            Object {
              "instance": null,
              "key": "button 1",
              "nodeType": "host",
              "props": Object {
                "children": "edit this",
                "onClick": [Function],
              },
              "ref": null,
              "rendered": "edit this",
              "type": "button",
            },
          ],
          "type": "div",
        },
        Object {
          "instance": null,
          "key": "div 2",
          "nodeType": "host",
          "props": Object {
            "children": Array [
              <FoodListItem
                amount="100"
                calories="165"
                carbohydrates="0"
                fat="3.6"
                id="2"
                name="Chicken Breast"
                protein="31"
                unit="grams"
/>,
              <button
                onClick={[Function]}
>
                edit this
</button>,
            ],
          },
          "ref": null,
          "rendered": Array [
            Object {
              "instance": null,
              "key": "item 2",
              "nodeType": "function",
              "props": Object {
                "amount": "100",
                "calories": "165",
                "carbohydrates": "0",
                "fat": "3.6",
                "id": "2",
                "name": "Chicken Breast",
                "protein": "31",
                "unit": "grams",
              },
              "ref": null,
              "rendered": null,
              "type": [Function],
            },
            Object {
              "instance": null,
              "key": "button 2",
              "nodeType": "host",
              "props": Object {
                "children": "edit this",
                "onClick": [Function],
              },
              "ref": null,
              "rendered": "edit this",
              "type": "button",
            },
          ],
          "type": "div",
        },
        Object {
          "instance": null,
          "key": "div 3",
          "nodeType": "host",
          "props": Object {
            "children": Array [
              <FoodListItem
                amount={24}
                calories={163}
                carbohydrates={2.5}
                fat={14}
                id="3"
                name="Almonds"
                protein={6}
                unit="pieces"
/>,
              <button
                onClick={[Function]}
>
                edit this
</button>,
            ],
          },
          "ref": null,
          "rendered": Array [
            Object {
              "instance": null,
              "key": "item 3",
              "nodeType": "function",
              "props": Object {
                "amount": 24,
                "calories": 163,
                "carbohydrates": 2.5,
                "fat": 14,
                "id": "3",
                "name": "Almonds",
                "protein": 6,
                "unit": "pieces",
              },
              "ref": null,
              "rendered": null,
              "type": [Function],
            },
            Object {
              "instance": null,
              "key": "button 3",
              "nodeType": "host",
              "props": Object {
                "children": "edit this",
                "onClick": [Function],
              },
              "ref": null,
              "rendered": "edit this",
              "type": "button",
            },
          ],
          "type": "div",
        },
      ],
      "type": "div",
    },
  ],
  Symbol(enzyme.__options__): Object {
    "adapter": ReactSixteenAdapter {
      "options": Object {
        "enableComponentDidUpdateOnSetState": true,
      },
    },
  },
}
`;

exports[`should render foodList with empty message 1`] = `
ShallowWrapper {
  "length": 1,
  Symbol(enzyme.__root__): [Circular],
  Symbol(enzyme.__unrendered__): <FoodList
    foods={Array []}
/>,
  Symbol(enzyme.__renderer__): Object {
    "batchedUpdates": [Function],
    "getNode": [Function],
    "render": [Function],
    "simulateEvent": [Function],
    "unmount": [Function],
  },
  Symbol(enzyme.__node__): Object {
    "instance": null,
    "key": undefined,
    "nodeType": "host",
    "props": Object {
      "children": <p>
        No Foods
</p>,
    },
    "ref": null,
    "rendered": Object {
      "instance": null,
      "key": undefined,
      "nodeType": "host",
      "props": Object {
        "children": "No Foods",
      },
      "ref": null,
      "rendered": "No Foods",
      "type": "p",
    },
    "type": "div",
  },
  Symbol(enzyme.__nodes__): Array [
    Object {
      "instance": null,
      "key": undefined,
      "nodeType": "host",
      "props": Object {
        "children": <p>
          No Foods
</p>,
      },
      "ref": null,
      "rendered": Object {
        "instance": null,
        "key": undefined,
        "nodeType": "host",
        "props": Object {
          "children": "No Foods",
        },
        "ref": null,
        "rendered": "No Foods",
        "type": "p",
      },
      "type": "div",
    },
  ],
  Symbol(enzyme.__options__): Object {
    "adapter": ReactSixteenAdapter {
      "options": Object {
        "enableComponentDidUpdateOnSetState": true,
      },
    },
  },
}
`;
