// Jest Snapshot v1, https://goo.gl/fbAQLP

exports[`should render FoodListItem correctly 1`] = `
ShallowWrapper {
  "length": 1,
  Symbol(enzyme.__root__): [Circular],
  Symbol(enzyme.__unrendered__): <FoodListItem
    amount={24}
    calories={163}
    carbohydrates={2.5}
    createdAt={-1000}
    fat={14}
    id="3"
    name="Almonds"
    protein={6}
    timesUsed={2}
    unit="pieces"
/>,
  Symbol(enzyme.__renderer__): Object {
    "batchedUpdates": [Function],
    "getNode": [Function],
    "render": [Function],
    "simulateEvent": [Function],
    "unmount": [Function],
  },
  Symbol(enzyme.__node__): Object {
    "instance": null,
    "key": undefined,
    "nodeType": "host",
    "props": Object {
      "children": Array [
        <p
          className="listItem__text"
>
          Almonds
</p>,
        <p
          className="listItem__text"
>
          24
           
          pieces
</p>,
        <p
          className="listItem__text"
>
          2.5
</p>,
        <p
          className="listItem__text"
>
          6
</p>,
        <p
          className="listItem__text"
>
          14
</p>,
        <p
          className="listItem__text"
>
          163
</p>,
      ],
      "className": "listItem",
    },
    "ref": null,
    "rendered": Array [
      Object {
        "instance": null,
        "key": undefined,
        "nodeType": "host",
        "props": Object {
          "children": "Almonds",
          "className": "listItem__text",
        },
        "ref": null,
        "rendered": "Almonds",
        "type": "p",
      },
      Object {
        "instance": null,
        "key": undefined,
        "nodeType": "host",
        "props": Object {
          "children": Array [
            24,
            " ",
            "pieces",
          ],
          "className": "listItem__text",
        },
        "ref": null,
        "rendered": Array [
          24,
          " ",
          "pieces",
        ],
        "type": "p",
      },
      Object {
        "instance": null,
        "key": undefined,
        "nodeType": "host",
        "props": Object {
          "children": 2.5,
          "className": "listItem__text",
        },
        "ref": null,
        "rendered": 2.5,
        "type": "p",
      },
      Object {
        "instance": null,
        "key": undefined,
        "nodeType": "host",
        "props": Object {
          "children": 6,
          "className": "listItem__text",
        },
        "ref": null,
        "rendered": 6,
        "type": "p",
      },
      Object {
        "instance": null,
        "key": undefined,
        "nodeType": "host",
        "props": Object {
          "children": 14,
          "className": "listItem__text",
        },
        "ref": null,
        "rendered": 14,
        "type": "p",
      },
      Object {
        "instance": null,
        "key": undefined,
        "nodeType": "host",
        "props": Object {
          "children": 163,
          "className": "listItem__text",
        },
        "ref": null,
        "rendered": 163,
        "type": "p",
      },
    ],
    "type": "div",
  },
  Symbol(enzyme.__nodes__): Array [
    Object {
      "instance": null,
      "key": undefined,
      "nodeType": "host",
      "props": Object {
        "children": Array [
          <p
            className="listItem__text"
>
            Almonds
</p>,
          <p
            className="listItem__text"
>
            24
             
            pieces
</p>,
          <p
            className="listItem__text"
>
            2.5
</p>,
          <p
            className="listItem__text"
>
            6
</p>,
          <p
            className="listItem__text"
>
            14
</p>,
          <p
            className="listItem__text"
>
            163
</p>,
        ],
        "className": "listItem",
      },
      "ref": null,
      "rendered": Array [
        Object {
          "instance": null,
          "key": undefined,
          "nodeType": "host",
          "props": Object {
            "children": "Almonds",
            "className": "listItem__text",
          },
          "ref": null,
          "rendered": "Almonds",
          "type": "p",
        },
        Object {
          "instance": null,
          "key": undefined,
          "nodeType": "host",
          "props": Object {
            "children": Array [
              24,
              " ",
              "pieces",
            ],
            "className": "listItem__text",
          },
          "ref": null,
          "rendered": Array [
            24,
            " ",
            "pieces",
          ],
          "type": "p",
        },
        Object {
          "instance": null,
          "key": undefined,
          "nodeType": "host",
          "props": Object {
            "children": 2.5,
            "className": "listItem__text",
          },
          "ref": null,
          "rendered": 2.5,
          "type": "p",
        },
        Object {
          "instance": null,
          "key": undefined,
          "nodeType": "host",
          "props": Object {
            "children": 6,
            "className": "listItem__text",
          },
          "ref": null,
          "rendered": 6,
          "type": "p",
        },
        Object {
          "instance": null,
          "key": undefined,
          "nodeType": "host",
          "props": Object {
            "children": 14,
            "className": "listItem__text",
          },
          "ref": null,
          "rendered": 14,
          "type": "p",
        },
        Object {
          "instance": null,
          "key": undefined,
          "nodeType": "host",
          "props": Object {
            "children": 163,
            "className": "listItem__text",
          },
          "ref": null,
          "rendered": 163,
          "type": "p",
        },
      ],
      "type": "div",
    },
  ],
  Symbol(enzyme.__options__): Object {
    "adapter": ReactSixteenAdapter {
      "options": Object {
        "enableComponentDidUpdateOnSetState": true,
      },
    },
  },
}
`;
