// Jest Snapshot v1, https://goo.gl/fbAQLP

exports[`should render 1`] = `
ShallowWrapper {
  "length": 1,
  Symbol(enzyme.__root__): [Circular],
  Symbol(enzyme.__unrendered__): <Unknown />,
  Symbol(enzyme.__renderer__): Object {
    "batchedUpdates": [Function],
    "getNode": [Function],
    "render": [Function],
    "simulateEvent": [Function],
    "unmount": [Function],
  },
  Symbol(enzyme.__node__): Object {
    "instance": null,
    "key": undefined,
    "nodeType": "host",
    "props": Object {
      "children": <div
        className="LoginPage__box"
>
        <h1
                className="LoginPage__title"
        >
                Calorie-Track
        </h1>
        <button
                className="btn LoginPage__btn"
                onClick={undefined}
        >
                Login
        </button>
</div>,
      "className": "LoginPage",
    },
    "ref": null,
    "rendered": Object {
      "instance": null,
      "key": undefined,
      "nodeType": "host",
      "props": Object {
        "children": Array [
          <h1
            className="LoginPage__title"
>
            Calorie-Track
</h1>,
          <button
            className="btn LoginPage__btn"
            onClick={undefined}
>
            Login
</button>,
        ],
        "className": "LoginPage__box",
      },
      "ref": null,
      "rendered": Array [
        Object {
          "instance": null,
          "key": undefined,
          "nodeType": "host",
          "props": Object {
            "children": "Calorie-Track",
            "className": "LoginPage__title",
          },
          "ref": null,
          "rendered": "Calorie-Track",
          "type": "h1",
        },
        Object {
          "instance": null,
          "key": undefined,
          "nodeType": "host",
          "props": Object {
            "children": "Login",
            "className": "btn LoginPage__btn",
            "onClick": undefined,
          },
          "ref": null,
          "rendered": "Login",
          "type": "button",
        },
      ],
      "type": "div",
    },
    "type": "div",
  },
  Symbol(enzyme.__nodes__): Array [
    Object {
      "instance": null,
      "key": undefined,
      "nodeType": "host",
      "props": Object {
        "children": <div
          className="LoginPage__box"
>
          <h1
                    className="LoginPage__title"
          >
                    Calorie-Track
          </h1>
          <button
                    className="btn LoginPage__btn"
                    onClick={undefined}
          >
                    Login
          </button>
</div>,
        "className": "LoginPage",
      },
      "ref": null,
      "rendered": Object {
        "instance": null,
        "key": undefined,
        "nodeType": "host",
        "props": Object {
          "children": Array [
            <h1
              className="LoginPage__title"
>
              Calorie-Track
</h1>,
            <button
              className="btn LoginPage__btn"
              onClick={undefined}
>
              Login
</button>,
          ],
          "className": "LoginPage__box",
        },
        "ref": null,
        "rendered": Array [
          Object {
            "instance": null,
            "key": undefined,
            "nodeType": "host",
            "props": Object {
              "children": "Calorie-Track",
              "className": "LoginPage__title",
            },
            "ref": null,
            "rendered": "Calorie-Track",
            "type": "h1",
          },
          Object {
            "instance": null,
            "key": undefined,
            "nodeType": "host",
            "props": Object {
              "children": "Login",
              "className": "btn LoginPage__btn",
              "onClick": undefined,
            },
            "ref": null,
            "rendered": "Login",
            "type": "button",
          },
        ],
        "type": "div",
      },
      "type": "div",
    },
  ],
  Symbol(enzyme.__options__): Object {
    "adapter": ReactSixteenAdapter {
      "options": Object {
        "enableComponentDidUpdateOnSetState": true,
      },
    },
  },
}
`;
